
> aiwebsite@0.1.0 build
> next build

node.exe : ΓÜá `eslint` 
configuration in 
next.config.ts is no longer 
supported. See more info 
here: https://nextjs.org/docs
/app/api-reference/cli/next#n
ext-lint-options
At line:1 char:1
+ & "C:\Program 
Files\nodejs/node.exe" 
"C:\Program 
Files\nodejs/node_mo ...
+ ~~~~~~~~~~~~~~~~~~~~~~~~~~~
~~~~~~~~~~~~~~~~~~~~~~~~~~~~~
~~~~~~~~~~~~~
    + CategoryInfo           
   : NotSpecified: (ΓÜá `es  
  lint` co...xt-lint-optio   
 ns:String) [], RemoteExc    
eption
    + FullyQualifiedErrorId  
   : NativeCommandError
 
ΓÜá Invalid next.config.ts 
options detected: 
ΓÜá     Unrecognized key(s) 
in object: 'eslint'
ΓÜá See more info here: https
://nextjs.org/docs/messages/i
nvalid-next-config
Γû▓ Next.js 16.1.6 (Turbopack)

  Creating an optimized production build ...

> Build error occurred
Error: Turbopack build 
failed with 1 errors:
./app/components
Invalid import
'client-only' cannot be 
imported from a Server 
Component module. It should 
only be used from a Client 
Component.
The error was caused by 
using 'styled-jsx'. It only 
works in a Client Component 
but none of its parents are 
marked with "use client", so 
they're Server Components by 
default.



    at ignore-listed frames
